F053: cli
F054: cld
F055: ldx #$ff
F057: txs
F058: jsr $f32d
F32D: lda #$f7
F32F: sta $00
F331: lda #$00
F333: sta $70
F335: sta $83
F337: lda #$40
F339: sta $82
F33B: lda #$06
F33D: sta $77
F33F: jsr $f442
F442: jsr $f470
F470: stx $be
F472: sty $bf
F474: tsx
F475: inx
F476: inx
F477: txs
F478: pla
F479: sta $b0
F47B: pla
F47C: sta $b1
F47E: ldy #$05
F480: lda ($b0), y
F482: tax
F483: stx $b1, y
F485: dey
F486: bne $f480
F480: lda ($b0), y
F482: tax
F483: stx $b1, y
F485: dey
F486: bne $f480

   (loops for 15 instructions)

F488: lda $b0
F48A: clc
F48B: adc #$05
F48D: sta $b0
F48F: lda $b1
F491: adc #$00
F493: sta $b1
F495: pha
F496: lda $b0
F498: pha
F499: tsx
F49A: dex
F49B: dex
F49C: txs
F49D: rts
F445: ldy #$00
F447: ldx $b6
F449: lda ($b2), y
F44B: sta ($b4), y
F44D: iny
F44E: dex
F44F: bne $f449
F449: lda ($b2), y
F44B: sta ($b4), y
F44D: iny
F44E: dex
F44F: bne $f449

   (loops for 80 instructions)

F451: jmp $f49e
F49E: ldx $be
F4A0: ldy $bf
F4A2: rts
F347: lda $e300
F34A: eor #$ff
F34C: and #$30
F34E: beq $f38b
F38B: jsr $f442
F442: jsr $f470
F470: stx $be
F472: sty $bf
F474: tsx
F475: inx
F476: inx
F477: txs
F478: pla
F479: sta $b0
F47B: pla
F47C: sta $b1
F47E: ldy #$05

   (loops for 25 instructions)

F488: lda $b0
F48A: clc
F48B: adc #$05
F48D: sta $b0
F48F: lda $b1
F491: adc #$00
F493: sta $b1
F495: pha
F496: lda $b0
F498: pha
F499: tsx
F49A: dex
F49B: dex
F49C: txs
F49D: rts
F445: ldy #$00
F447: ldx $b6

   (loops for 80 instructions)

F451: jmp $f49e
F49E: ldx $be
F4A0: ldy $bf
F4A2: rts
F393: lda #$03
F395: sta $e400
F398: jsr $f90e
F90E: pha
F90F: lda $e300
F912: bpl $f90f
F914: lda $e300
F917: bmi $f914
F914: lda $e300
F917: bmi $f914

   (loops for 136 instructions)

F919: pla
F91A: rts
F39B: lda #$00
F39D: sta $e400
F3A0: jsr $f90e
F90E: pha
F90F: lda $e300
F912: bpl $f90f

   (loops for 3722 instructions)

F919: pla
F91A: rts
F3A3: lda #$00
F3A5: sta $e413
F3A8: lda #$00
F3AA: sta $e301
F3AD: sta $e402
F3B0: sta $e410
F3B3: jsr $f68d
F68D: jsr $f8e0
F8E0: ldx #$1f
F8E2: lda $f8ee, x
F8E5: eor #$ff
F8E7: sta $e000, x
F8EA: dex
F8EB: bne $f8e2
F8E2: lda $f8ee, x
F8E5: eor #$ff
F8E7: sta $e000, x
F8EA: dex
F8EB: bne $f8e2

   (loops for 145 instructions)

F8ED: rts
F690: jsr $f7b2
F7B2: lda #$00
F7B4: sta $c4
F7B6: lda #$60
F7B8: sta $c5
F7BA: ldx #$70
F7BC: lda #$00
F7BE: tay
F7BF: sta ($c4), y
F7C1: iny
F7C2: bne $f7bf
F7BF: sta ($c4), y
F7C1: iny
F7C2: bne $f7bf

   (loops for 762 instructions)

F7C4: inc $c5
F7C6: dex
F7C7: bne $f7bc
F7BC: lda #$00
F7BE: tay

   (loops for 768 instructions)

F7C4: inc $c5
F7C6: dex
F7C7: bne $f7bc

   (loops for 85030 instructions)

F7C9: ldx #$1f
F7CB: lda #$04
F7CD: sta $cc00, x
F7D0: dex
F7D1: bpl $f7cd
F7CD: sta $cc00, x
F7D0: dex
F7D1: bpl $f7cd

   (loops for 90 instructions)

F7D3: ldx #$0f
F7D5: txa
F7D6: sta $c000, x
F7D9: dex
F7DA: bpl $f7d5
F7D5: txa
F7D6: sta $c000, x
F7D9: dex
F7DA: bpl $f7d5

   (loops for 56 instructions)

F7DC: rts
F693: jsr $f7dd
F7DD: ldx #$00
F7DF: jsr $f7ee
F7EE: lda $f81d, x
F7F1: sta $c4
F7F3: lda $f81e, x
F7F6: sta $c5
F7F8: lda $f81f, x
F7FB: sta $c2
F7FD: lda $f820, x
F800: sta $c3
F802: lda $f821, x
F805: sta $c6
F807: ldx #$00
F809: ldy #$08
F80B: lda ($c2, x)
F80D: sta ($c4, x)
F80F: jsr $f8be
F8BE: inc $c2
F8C0: bne $f8c4
F8C4: rts
F812: jsr $f8c5
F8C5: inc $c4
F8C7: bne $f8cb
F8CB: rts
F815: dey
F816: bne $f80b
F80B: lda ($c2, x)
F80D: sta ($c4, x)
F80F: jsr $f8be
F8BE: inc $c2
F8C0: bne $f8c4
F8C4: rts
F812: jsr $f8c5
F8C5: inc $c4
F8C7: bne $f8cb
F8CB: rts
F815: dey
F816: bne $f80b

   (loops for 72 instructions)

F818: dec $c6
F81A: bne $f809
F809: ldy #$08

   (loops for 96 instructions)

F818: dec $c6
F81A: bne $f809

   (loops for 834 instructions)

F8C2: inc $c3

   (loops for 2131 instructions)

F8C9: inc $c5

   (loops for 896 instructions)

F81C: rts
F7E2: ldx #$05
F7E4: jsr $f7ee
F7EE: lda $f81d, x
F7F1: sta $c4
F7F3: lda $f81e, x
F7F6: sta $c5
F7F8: lda $f81f, x
F7FB: sta $c2
F7FD: lda $f820, x
F800: sta $c3
F802: lda $f821, x
F805: sta $c6
F807: ldx #$00

   (loops for 1032 instructions)

F8C2: inc $c3

   (loops for 1240 instructions)

F8C9: inc $c5

   (loops for 1787 instructions)

F81C: rts
F7E7: ldx #$0a
F7E9: jsr $f7ee

   (loops for 4073 instructions)

F7EC: ldx #$0f

   (loops for 7740 instructions)

F696: lda #$d3
F698: sta $c2
F69A: lda #$f6
F69C: sta $c3
F69E: lda #$40
F6A0: sta $c4
F6A2: lda #$c0
F6A4: sta $c5
F6A6: ldy #$00
F6A8: ldx #$00
F6AA: lda ($c2, x)
F6AC: sta $c6
F6AE: jsr $f8be

   (loops for 3 instructions)

F6B1: ldx #$08
F6B3: asl $c6
F6B5: bcc $f6bb
F6BB: iny
F6BC: dex
F6BD: bne $f6b3
F6B3: asl $c6
F6B5: bcc $f6bb
F6BB: iny
F6BC: dex
F6BD: bne $f6b3

   (loops for 2 instructions)

F6B7: lda #$71
F6B9: sta ($c4), y

   (loops for 5 instructions)

F6B7: lda #$71
F6B9: sta ($c4), y

   (loops for 27 instructions)

F6BF: cpy #$e0
F6C1: bne $f6a8
F6A8: ldx #$00
F6AA: lda ($c2, x)
F6AC: sta $c6
F6AE: jsr $f8be
F8BE: inc $c2
F8C0: bne $f8c4
F8C4: rts
F6B1: ldx #$08

   (loops for 52 instructions)

F6BF: cpy #$e0
F6C1: bne $f6a8

   (loops for 4 instructions)

F8BE: inc $c2
F8C0: bne $f8c4
F8C4: rts

   (loops for 1417 instructions)

F6C3: lda #$e7
F6C5: sta $c11d
F6C8: ldx #$00
F6CA: jsr $f831
F831: lda $f85b, x
F834: sta $c2
F836: lda $f85c, x
F839: sta $c3
F83B: ldx #$00
F83D: lda ($c2, x)
F83F: cmp #$ff
F841: beq $f85a
F843: sta $c4
F845: jsr $f8be

   (loops for 3 instructions)

F848: lda ($c2, x)
F84A: sta $c5
F84C: jsr $f8be

   (loops for 3 instructions)

F84F: lda ($c2, x)
F851: jsr $f893
F893: ldx #$03
F895: ldy $f8a1, x
F898: sta ($c4), y
F89A: clc
F89B: adc #$01
F89D: dex
F89E: bpl $f895
F895: ldy $f8a1, x
F898: sta ($c4), y
F89A: clc
F89B: adc #$01
F89D: dex
F89E: bpl $f895

   (loops for 12 instructions)

F8A0: rts
F854: jsr $f8be

   (loops for 3 instructions)

F857: jmp $f83b
F83B: ldx #$00
F83D: lda ($c2, x)
F83F: cmp #$ff
F841: beq $f85a
F843: sta $c4
F845: jsr $f8be

   (loops for 3 instructions)

F848: lda ($c2, x)
F84A: sta $c5
F84C: jsr $f8be

   (loops for 3 instructions)

F84F: lda ($c2, x)
F851: jsr $f893
F893: ldx #$03

   (loops for 24 instructions)

F8A0: rts
F854: jsr $f8be

   (loops for 3 instructions)

F857: jmp $f83b

   (loops for 580 instructions)

F85A: rts
F6CD: ldx #$00
F6CF: jsr $f85f
F85F: lda $f88f, x
F862: sta $c2
F864: lda $f890, x
F867: sta $c3
F869: ldx #$00
F86B: lda ($c2, x)
F86D: sta $c4
F86F: jsr $f8be
F8BE: inc $c2
F8C0: bne $f8c4
F8C4: rts
F872: lda ($c2, x)
F874: sta $c5
F876: jsr $f8be
F8BE: inc $c2
F8C0: bne $f8c4
F8C4: rts
F879: lda ($c2, x)
F87B: jsr $f8be

   (loops for 3 instructions)

F87E: cmp #$fe
F880: beq $f869
F882: cmp #$ff
F884: beq $f88e
F886: sta ($c4, x)
F888: jsr $f8c5
F8C5: inc $c4
F8C7: bne $f8cb
F8CB: rts
F88B: jmp $f879
F879: lda ($c2, x)
F87B: jsr $f8be

   (loops for 3 instructions)

F87E: cmp #$fe
F880: beq $f869
F882: cmp #$ff
F884: beq $f88e
F886: sta ($c4, x)
F888: jsr $f8c5
F8C5: inc $c4
F8C7: bne $f8cb
F8CB: rts
F88B: jmp $f879

   (loops for 397 instructions)

F869: ldx #$00
F86B: lda ($c2, x)
F86D: sta $c4
F86F: jsr $f8be

   (loops for 3 instructions)

F872: lda ($c2, x)
F874: sta $c5
F876: jsr $f8be

   (loops for 387 instructions)

F88E: rts
F6D2: rts
F3B6: jsr $f5e0
F5E0: lda #$4e
F5E2: jsr $f149
F149: sta $85
F14B: clc
F14C: adc #$02
F14E: sta $84
F150: pla
F151: sta $86
F153: pla
F154: sta $87
F156: stx $88
F158: sty $89
F15A: lda #$00
F15C: ldx $85
F15E: sta $01, x
F160: ldx $84
F162: lda $00, x
F164: and #$0f
F166: tay
F167: lda $00, x
F169: and #$70
F16B: lsr a
F16C: lsr a
F16D: lsr a
F16E: tax
F16F: lda $91, x
F171: pha
F172: lda $90, x
F174: pha
F175: lda $0096, y
F178: sta $8b
F17A: rts
F24A: jsr $f4f3
F4F3: bit $82
F4F5: bmi $f500
F4F7: bit $e502
F4FA: bmi $f50b
F4FC: jsr $f646
F646: lda #$33
F648: jsr $f661
F661: stx $8c
F663: tax
F664: jsr $f4a6
F4A6: lda #$02
F4A8: bit $e501
F4AB: bne $f4a6
F4AD: lda #$01
F4AF: bit $e501
F4B2: bne $f4a3
F4B4: rts
F667: stx $e501
F66A: jsr $f4c5
F4C5: ldx #$00
F4C7: dex
F4C8: bne $f4c7
F4C7: dex
F4C8: bne $f4c7

   (loops for 508 instructions)

F4CA: lda #$02
F4CC: bit $e502
F4CF: bne $f4c5
F4D1: rts
F66D: ldx $8c
F66F: rts
F64B: rts
F4FF: rts
F24D: jsr $f4a6
F4A6: lda #$02
F4A8: bit $e501
F4AB: bne $f4a6
F4AD: lda #$01
F4AF: bit $e501
F4B2: bne $f4a3
F4B4: rts
F250: lda $8b
F252: sta $e501
F255: jsr $f4c5
F4C5: ldx #$00

   (loops for 512 instructions)

F4CA: lda #$02
F4CC: bit $e502
F4CF: bne $f4c5

   (loops for 98040 instructions)

F4D1: rts
F258: jsr $f526
F526: lda $e502
F529: and #$08
F52B: beq $f52e
F52D: rts
F25B: jsr $f4de
F4DE: bit $70
F4E0: bvc $f4f2
F4F2: rts
F25E: jmp $f17b
F17B: ldx $84
F17D: lda $00, x
F17F: bpl $f186
F181: inc $84
F183: jmp $f160
F160: ldx $84
F162: lda $00, x
F164: and #$0f
F166: tay
F167: lda $00, x
F169: and #$70
F16B: lsr a
F16C: lsr a
F16D: lsr a
F16E: tax
F16F: lda $91, x
F171: pha
F172: lda $90, x
F174: pha
F175: lda $0096, y
F178: sta $8b
F17A: rts
F24A: jsr $f4f3
F4F3: bit $82
F4F5: bmi $f500
F4F7: bit $e502
F4FA: bmi $f50b
F4FC: jsr $f646
F646: lda #$33
F648: jsr $f661
F661: stx $8c
F663: tax
F664: jsr $f4a6
F4A6: lda #$02
F4A8: bit $e501
F4AB: bne $f4a6
F4AD: lda #$01
F4AF: bit $e501
F4B2: bne $f4a3
F4B4: rts
F667: stx $e501
F66A: jsr $f4c5
F4C5: ldx #$00
F4C7: dex
F4C8: bne $f4c7
F4C7: dex
F4C8: bne $f4c7

   (loops for 508 instructions)

F4CA: lda #$02
F4CC: bit $e502
F4CF: bne $f4c5
F4D1: rts
F66D: ldx $8c
F66F: rts
F64B: rts
F4FF: rts
F24D: jsr $f4a6
F4A6: lda #$02
F4A8: bit $e501
F4AB: bne $f4a6
F4AD: lda #$01
F4AF: bit $e501
F4B2: bne $f4a3
F4B4: rts
F250: lda $8b
F252: sta $e501
F255: jsr $f4c5
F4C5: ldx #$00

   (loops for 512 instructions)

F4CA: lda #$02
F4CC: bit $e502
F4CF: bne $f4c5

   (loops for 817344 instructions)

F4D1: rts
F258: jsr $f526
F526: lda $e502
F529: and #$08
F52B: beq $f52e
F52D: rts
F25B: jsr $f4de
F4DE: bit $70
F4E0: bvc $f4f2
F4F2: rts
F25E: jmp $f17b
F17B: ldx $84
F17D: lda $00, x
F17F: bpl $f186
F186: lda $87
F188: pha
F189: lda $86
F18B: pha
F18C: ldx $88
F18E: ldy $89
F190: rts
F5E5: lda $83
F5E7: ora #$80
F5E9: sta $83
F5EB: rts
F3B9: rts
F05B: jsr $f5fc
F5FC: lda #$07
F5FE: sta $40
F600: lda #$40
F602: jsr $f149
F149: sta $85
F14B: clc
F14C: adc #$02
F14E: sta $84
F150: pla
F151: sta $86
F153: pla
F154: sta $87
F156: stx $88
F158: sty $89
F15A: lda #$00
F15C: ldx $85
F15E: sta $01, x
F160: ldx $84
F162: lda $00, x
F164: and #$0f
F166: tay
F167: lda $00, x
F169: and #$70
F16B: lsr a
F16C: lsr a
F16D: lsr a
F16E: tax
F16F: lda $91, x
F171: pha
F172: lda $90, x
F174: pha
F175: lda $0096, y
F178: sta $8b
F17A: rts
F1C1: jsr $f4f3
F4F3: bit $82
F4F5: bmi $f500
F4F7: bit $e502
F4FA: bmi $f50b
F4FC: jsr $f646
F646: lda #$33
F648: jsr $f661
F661: stx $8c
F663: tax
F664: jsr $f4a6
F4A6: lda #$02
F4A8: bit $e501
F4AB: bne $f4a6
F4AD: lda #$01
F4AF: bit $e501
F4B2: bne $f4a3
F4B4: rts
F667: stx $e501
F66A: jsr $f4c5
F4C5: ldx #$00
F4C7: dex
F4C8: bne $f4c7
F4C7: dex
F4C8: bne $f4c7

   (loops for 508 instructions)

F4CA: lda #$02
F4CC: bit $e502
F4CF: bne $f4c5
F4D1: rts
F66D: ldx $8c
F66F: rts
F64B: rts
F4FF: rts
F1C4: jsr $f4d2
F4D2: bit $70
F4D4: bvc $f4dd
F4DD: rts
F1C7: jsr $f4a6
F4A6: lda #$02
F4A8: bit $e501
F4AB: bne $f4a6
F4AD: lda #$01
F4AF: bit $e501
F4B2: bne $f4a3
F4B4: rts
F1CA: lda $8b
F1CC: sta $e501
F1CF: jsr $f4bd
F4BD: lda #$01
F4BF: bit $e502
F4C2: bne $f4bd
F4BD: lda #$01
F4BF: bit $e502
F4C2: bne $f4bd

   (loops for 54 instructions)

F4C4: rts
F1D2: ldy #$00
F1D4: lda #$ff
F1D6: sta $e500
F1D9: jsr $f4b5
F4B5: lda #$02
F4B7: bit $e501
F4BA: bne $f4b5
F4BC: rts
F1DC: lda #$01
F1DE: bit $e501
F1E1: beq $f1ff
F1FF: jsr $f512
F512: lda $e502
F515: and #$04
F517: beq $f51a
F519: rts
F202: jsr $f526
F526: lda $e502
F529: and #$08
F52B: beq $f52e
F52D: rts
F205: lda #$02
F207: bit $e502
F20A: bne $f1dc
F1DC: lda #$01
F1DE: bit $e501
F1E1: beq $f1ff
F1FF: jsr $f512
F512: lda $e502
F515: and #$04
F517: beq $f51a
F519: rts
F202: jsr $f526
F526: lda $e502
F529: and #$08
F52B: beq $f52e
F52D: rts
F205: lda #$02
F207: bit $e502
F20A: bne $f1dc

   (loops for 65747 instructions)

F1E3: lda $e500
F1E6: sta $0300, y
F1E9: bit $82
F1EB: bvc $f1f0
F1ED: sta $02ff, y
F1F0: jsr $f512

   (loops for 4 instructions)

F1F3: iny
F1F4: bne $f1dc

   (loops for 659 instructions)

F1E3: lda $e500
F1E6: sta $0300, y
F1E9: bit $82
F1EB: bvc $f1f0
F1ED: sta $02ff, y
F1F0: jsr $f512

   (loops for 4 instructions)

F1F3: iny
F1F4: bne $f1dc

   (loops for 172434 instructions)

F1F6: jsr $f4c5
F4C5: ldx #$00
F4C7: dex
F4C8: bne $f4c7
F4C7: dex
F4C8: bne $f4c7

   (loops for 508 instructions)

F4CA: lda #$02
F4CC: bit $e502
F4CF: bne $f4c5
F4C5: ldx #$00

   (loops for 512 instructions)

F4CA: lda #$02
F4CC: bit $e502
F4CF: bne $f4c5

   (loops for 88236 instructions)

F4D1: rts
F1F9: jsr $f526

   (loops for 4 instructions)

F1FC: jmp $f17b
F17B: ldx $84
F17D: lda $00, x
F17F: bpl $f186
F186: lda $87
F188: pha
F189: lda $86
F18B: pha
F18C: ldx $88
F18E: ldy $89
F190: rts
F605: lda $82
F607: and #$01
F609: beq $f640
F640: jsr $f6ef
F6EF: sed
F6F0: sec
F6F1: lda $c0
F6F3: sbc #$01
F6F5: sta $c0
F6F7: lda $c1
F6F9: sbc #$00
F6FB: sta $c1
F6FD: cld
F6FE: ldx #$00
F700: jsr $f8a5
F8A5: lda $f8b0, x
F8A8: sta $c4
F8AA: lda $f8b1, x
F8AD: sta $c5
F8AF: rts
F703: lda $c0
F705: pha
F706: jsr $f71d
F71D: and #$0f
F71F: tax
F720: lda $f7a8, x
F723: jsr $f893
F893: ldx #$03
F895: ldy $f8a1, x
F898: sta ($c4), y
F89A: clc
F89B: adc #$01
F89D: dex
F89E: bpl $f895
F895: ldy $f8a1, x
F898: sta ($c4), y
F89A: clc
F89B: adc #$01
F89D: dex
F89E: bpl $f895

   (loops for 12 instructions)

F8A0: rts
F726: rts
F709: ldx #$02
F70B: jsr $f8a5
F8A5: lda $f8b0, x
F8A8: sta $c4
F8AA: lda $f8b1, x
F8AD: sta $c5
F8AF: rts
F70E: pla
F70F: lsr a
F710: lsr a
F711: lsr a
F712: lsr a
F713: jsr $f71d
F71D: and #$0f
F71F: tax
F720: lda $f7a8, x
F723: jsr $f893
F893: ldx #$03

   (loops for 24 instructions)

F8A0: rts
F726: rts
F716: ldx #$04
F718: jsr $f8a5

   (loops for 5 instructions)

F71B: lda $c1

   (loops for 31 instructions)

F643: jmp $f18c
F18C: ldx $88
F18E: ldy $89
F190: rts
F05E: jsr $f454
F454: jsr $f470
F470: stx $be
F472: sty $bf
F474: tsx
F475: inx
F476: inx
F477: txs
F478: pla
F479: sta $b0
F47B: pla
F47C: sta $b1
F47E: ldy #$05
F480: lda ($b0), y
F482: tax
F483: stx $b1, y
F485: dey
F486: bne $f480
F480: lda ($b0), y
F482: tax
F483: stx $b1, y
F485: dey
F486: bne $f480

   (loops for 15 instructions)

F488: lda $b0
F48A: clc
F48B: adc #$05
F48D: sta $b0
F48F: lda $b1
F491: adc #$00
F493: sta $b1
F495: pha
F496: lda $b0
F498: pha
F499: tsx
F49A: dex
F49B: dex
F49C: txs
F49D: rts
F457: lda #$ff
F459: sta $bc
F45B: ldy #$00
F45D: ldx $b6
F45F: lda ($b2), y
F461: cmp ($b4), y
F463: bne $f46d
F465: iny
F466: dex
F467: bne $f45f
F45F: lda ($b2), y
F461: cmp ($b4), y
F463: bne $f46d
F465: iny
F466: dex
F467: bne $f45f

   (loops for 9 instructions)

F46D: jmp $f49e
F49E: ldx $be
F4A0: ldy $bf
F4A2: rts
F066: lda $bc
F068: beq $f076
F06A: jsr $f454
F454: jsr $f470
F470: stx $be
F472: sty $bf
F474: tsx
F475: inx
F476: inx
F477: txs
F478: pla
F479: sta $b0
F47B: pla
F47C: sta $b1
F47E: ldy #$05

   (loops for 25 instructions)

F488: lda $b0
F48A: clc
F48B: adc #$05
F48D: sta $b0
F48F: lda $b1
F491: adc #$00
F493: sta $b1
F495: pha
F496: lda $b0
F498: pha
F499: tsx
F49A: dex
F49B: dex
F49C: txs
F49D: rts
F457: lda #$ff
F459: sta $bc
F45B: ldy #$00
F45D: ldx $b6

   (loops for 36 instructions)

F469: lda #$00
F46B: sta $bc
F46D: jmp $f49e
F49E: ldx $be
F4A0: ldy $bf
F4A2: rts
F072: lda $bc
F074: bne $f0a6
F076: jsr $f442
F442: jsr $f470
F470: stx $be
F472: sty $bf
F474: tsx
F475: inx
F476: inx
F477: txs
F478: pla
F479: sta $b0
F47B: pla
F47C: sta $b1
F47E: ldy #$05
F480: lda ($b0), y
F482: tax
F483: stx $b1, y
F485: dey
F486: bne $f480
F480: lda ($b0), y
F482: tax
F483: stx $b1, y
F485: dey
F486: bne $f480

   (loops for 15 instructions)

F488: lda $b0
F48A: clc
F48B: adc #$05
F48D: sta $b0
F48F: lda $b1
F491: adc #$00
F493: sta $b1
F495: pha
F496: lda $b0
F498: pha
F499: tsx
F49A: dex
F49B: dex
F49C: txs
F49D: rts
F445: ldy #$00
F447: ldx $b6
F449: lda ($b2), y
F44B: sta ($b4), y
F44D: iny
F44E: dex
F44F: bne $f449
F449: lda ($b2), y
F44B: sta ($b4), y
F44D: iny
F44E: dex
F44F: bne $f449

   (loops for 35 instructions)

F451: jmp $f49e
F49E: ldx $be
F4A0: ldy $bf
F4A2: rts
F07E: clc
F07F: lda $a5
F081: adc $a6
F083: adc $a7
F085: adc $a8
F087: cmp $a4
F089: bne $f0aa
F08B: lda $0360
F08E: cmp #$20
F090: beq $f0a0
F092: lda #$01
F094: ora $82
F096: sta $82
F098: jsr $f442
F442: jsr $f470
F470: stx $be
F472: sty $bf
F474: tsx
F475: inx
F476: inx
F477: txs
F478: pla
F479: sta $b0
F47B: pla
F47C: sta $b1
F47E: ldy #$05
F480: lda ($b0), y
F482: tax
F483: stx $b1, y
F485: dey
F486: bne $f480
F480: lda ($b0), y
F482: tax
F483: stx $b1, y
F485: dey
F486: bne $f480

   (loops for 15 instructions)

F488: lda $b0
F48A: clc
F48B: adc #$05
F48D: sta $b0
F48F: lda $b1
F491: adc #$00
F493: sta $b1
F495: pha
F496: lda $b0
F498: pha
F499: tsx
F49A: dex
F49B: dex
F49C: txs
F49D: rts
F445: ldy #$00
F447: ldx $b6
F449: lda ($b2), y
F44B: sta ($b4), y
F44D: iny
F44E: dex
F44F: bne $f449
F449: lda ($b2), y
F44B: sta ($b4), y
F44D: iny
F44E: dex
F44F: bne $f449

   (loops for 780 instructions)

F451: jmp $f49e
F49E: ldx $be
F4A0: ldy $bf
F4A2: rts
F0A0: jsr $f3ba
F3BA: ldx #$00
F3BC: lda $a4
F3BE: clc
F3BF: adc #$02
F3C1: cmp #$64
F3C3: bmi $f3cc
F3C5: inx
F3C6: sec
F3C7: sbc #$64
F3C9: jmp $f3c1
F3C1: cmp #$64
F3C3: bmi $f3cc
F3CC: stx $c1
F3CE: ldx #$00
F3D0: cmp #$0a
F3D2: bmi $f3db
F3D4: inx
F3D5: sec
F3D6: sbc #$0a
F3D8: jmp $f3d0
F3D0: cmp #$0a
F3D2: bmi $f3db
F3DB: sta $c0
F3DD: txa
F3DE: asl a
F3DF: asl a
F3E0: asl a
F3E1: asl a
F3E2: ora $c0
F3E4: sta $c0
F3E6: jsr $f6ef
F6EF: sed
F6F0: sec
F6F1: lda $c0
F6F3: sbc #$01
F6F5: sta $c0
F6F7: lda $c1
F6F9: sbc #$00
F6FB: sta $c1
F6FD: cld
F6FE: ldx #$00
F700: jsr $f8a5
F8A5: lda $f8b0, x
F8A8: sta $c4
F8AA: lda $f8b1, x
F8AD: sta $c5
F8AF: rts
F703: lda $c0
F705: pha
F706: jsr $f71d
F71D: and #$0f
F71F: tax
F720: lda $f7a8, x
F723: jsr $f893
F893: ldx #$03
F895: ldy $f8a1, x
F898: sta ($c4), y
F89A: clc
F89B: adc #$01
F89D: dex
F89E: bpl $f895
F895: ldy $f8a1, x
F898: sta ($c4), y
F89A: clc
F89B: adc #$01
F89D: dex
F89E: bpl $f895

   (loops for 12 instructions)

F8A0: rts
F726: rts
F709: ldx #$02
F70B: jsr $f8a5
F8A5: lda $f8b0, x
F8A8: sta $c4
F8AA: lda $f8b1, x
F8AD: sta $c5
F8AF: rts
F70E: pla
F70F: lsr a
F710: lsr a
F711: lsr a
F712: lsr a
F713: jsr $f71d
F71D: and #$0f
F71F: tax
F720: lda $f7a8, x
F723: jsr $f893
F893: ldx #$03

   (loops for 24 instructions)

F8A0: rts
F726: rts
F716: ldx #$04
F718: jsr $f8a5

   (loops for 5 instructions)

F71B: lda $c1

   (loops for 31 instructions)

F3E9: rts
F0A3: jmp $f0b1
F0B1: ldx $a5
F0B3: beq $f0bd
F0B5: jsr $f3ea
F3EA: stx $bd
F3EC: jsr $f470
F470: stx $be
F472: sty $bf
F474: tsx
F475: inx
F476: inx
F477: txs
F478: pla
F479: sta $b0
F47B: pla
F47C: sta $b1
F47E: ldy #$05
F480: lda ($b0), y
F482: tax
F483: stx $b1, y
F485: dey
F486: bne $f480
F480: lda ($b0), y
F482: tax
F483: stx $b1, y
F485: dey
F486: bne $f480

   (loops for 15 instructions)

F488: lda $b0
F48A: clc
F48B: adc #$05
F48D: sta $b0
F48F: lda $b1
F491: adc #$00
F493: sta $b1
F495: pha
F496: lda $b0
F498: pha
F499: tsx
F49A: dex
F49B: dex
F49C: txs
F49D: rts
F3EF: ldx #$05
F3F1: lda $b1, x
F3F3: sta $b6, x
F3F5: dex
F3F6: bne $f3f1
F3F1: lda $b1, x
F3F3: sta $b6, x
F3F5: dex
F3F6: bne $f3f1

   (loops for 12 instructions)

F3F8: jsr $f5fc
F5FC: lda #$07
F5FE: sta $40
F600: lda #$40
F602: jsr $f149
F149: sta $85
F14B: clc
F14C: adc #$02
F14E: sta $84
F150: pla
F151: sta $86
F153: pla
F154: sta $87
F156: stx $88
F158: sty $89
F15A: lda #$00
F15C: ldx $85
F15E: sta $01, x
F160: ldx $84
F162: lda $00, x
F164: and #$0f
F166: tay
F167: lda $00, x
F169: and #$70
F16B: lsr a
F16C: lsr a
F16D: lsr a
F16E: tax
F16F: lda $91, x
F171: pha
F172: lda $90, x
F174: pha
F175: lda $0096, y
F178: sta $8b
F17A: rts
F1C1: jsr $f4f3
F4F3: bit $82
F4F5: bmi $f500
F4F7: bit $e502
F4FA: bmi $f50b
F4FC: jsr $f646
F646: lda #$33
F648: jsr $f661
F661: stx $8c
F663: tax
F664: jsr $f4a6
F4A6: lda #$02
F4A8: bit $e501
F4AB: bne $f4a6
F4AD: lda #$01
F4AF: bit $e501
F4B2: bne $f4a3
F4B4: rts
F667: stx $e501
F66A: jsr $f4c5
F4C5: ldx #$00
F4C7: dex
F4C8: bne $f4c7
F4C7: dex
F4C8: bne $f4c7

   (loops for 508 instructions)

F4CA: lda #$02
F4CC: bit $e502
F4CF: bne $f4c5
F4D1: rts
F66D: ldx $8c
F66F: rts
F64B: rts
F4FF: rts
F1C4: jsr $f4d2
F4D2: bit $70
F4D4: bvc $f4dd
F4DD: rts
F1C7: jsr $f4a6
F4A6: lda #$02
F4A8: bit $e501
F4AB: bne $f4a6
F4AD: lda #$01
F4AF: bit $e501
F4B2: bne $f4a3
F4B4: rts
F1CA: lda $8b
F1CC: sta $e501
F1CF: jsr $f4bd
F4BD: lda #$01
F4BF: bit $e502
F4C2: bne $f4bd
F4BD: lda #$01
F4BF: bit $e502
F4C2: bne $f4bd

   (loops for 66 instructions)

F4C4: rts
F1D2: ldy #$00
F1D4: lda #$ff
F1D6: sta $e500
F1D9: jsr $f4b5
F4B5: lda #$02
F4B7: bit $e501
F4BA: bne $f4b5
F4B5: lda #$02
F4B7: bit $e501
F4BA: bne $f4b5

   (loops for 54 instructions)

F4BC: rts
F1DC: lda #$01
F1DE: bit $e501
F1E1: beq $f1ff
F1FF: jsr $f512
F512: lda $e502
F515: and #$04
F517: beq $f51a
F519: rts
F202: jsr $f526
F526: lda $e502
F529: and #$08
F52B: beq $f52e
F52D: rts
F205: lda #$02
F207: bit $e502
F20A: bne $f1dc
F1DC: lda #$01
F1DE: bit $e501
F1E1: beq $f1ff
F1FF: jsr $f512
F512: lda $e502
F515: and #$04
F517: beq $f51a
F519: rts
F202: jsr $f526
F526: lda $e502
F529: and #$08
F52B: beq $f52e
F52D: rts
F205: lda #$02
F207: bit $e502
F20A: bne $f1dc

   (loops for 20275 instructions)

F1E3: lda $e500
F1E6: sta $0300, y
F1E9: bit $82
F1EB: bvc $f1f0
F1ED: sta $02ff, y
F1F0: jsr $f512

   (loops for 4 instructions)

F1F3: iny
F1F4: bne $f1dc

   (loops for 659 instructions)

F1E3: lda $e500
F1E6: sta $0300, y
F1E9: bit $82
F1EB: bvc $f1f0
F1ED: sta $02ff, y
F1F0: jsr $f512

   (loops for 4 instructions)

F1F3: iny
F1F4: bne $f1dc

   (loops for 172434 instructions)

F1F6: jsr $f4c5
F4C5: ldx #$00
F4C7: dex
F4C8: bne $f4c7
F4C7: dex
F4C8: bne $f4c7

   (loops for 508 instructions)

F4CA: lda #$02
F4CC: bit $e502
F4CF: bne $f4c5
F4C5: ldx #$00

   (loops for 512 instructions)

F4CA: lda #$02
F4CC: bit $e502
F4CF: bne $f4c5

   (loops for 88236 instructions)

F4D1: rts
F1F9: jsr $f526

   (loops for 4 instructions)

F1FC: jmp $f17b
F17B: ldx $84
F17D: lda $00, x
F17F: bpl $f186
F186: lda $87
F188: pha
F189: lda $86
F18B: pha
F18C: ldx $88
F18E: ldy $89
F190: rts
F605: lda $82
F607: and #$01
F609: beq $f640
F60B: lda $0260
F60E: beq $f640
F610: ldx #$00
F612: stx $0264
F615: lda $0300, x
F618: clc
F619: adc $0264
F61C: sta $0264
F61F: inx
F620: cpx #$ff
F622: bne $f615
F615: lda $0300, x
F618: clc
F619: adc $0264
F61C: sta $0264
F61F: inx
F620: cpx #$ff
F622: bne $f615

   (loops for 1771 instructions)

F624: ldx $0263
F627: cmp $0265, x
F62A: beq $f63a
F63A: dec $0260
F63D: inc $0263
F640: jsr $f6ef
F6EF: sed
F6F0: sec
F6F1: lda $c0
F6F3: sbc #$01
F6F5: sta $c0
F6F7: lda $c1
F6F9: sbc #$00
F6FB: sta $c1
F6FD: cld
F6FE: ldx #$00
F700: jsr $f8a5
F8A5: lda $f8b0, x
F8A8: sta $c4
F8AA: lda $f8b1, x
F8AD: sta $c5
F8AF: rts
F703: lda $c0
F705: pha
F706: jsr $f71d
F71D: and #$0f
F71F: tax
F720: lda $f7a8, x
F723: jsr $f893
F893: ldx #$03
F895: ldy $f8a1, x
F898: sta ($c4), y
F89A: clc
F89B: adc #$01
F89D: dex
F89E: bpl $f895
F895: ldy $f8a1, x
F898: sta ($c4), y
F89A: clc
F89B: adc #$01
F89D: dex
F89E: bpl $f895

   (loops for 12 instructions)

F8A0: rts
F726: rts
F709: ldx #$02
F70B: jsr $f8a5
F8A5: lda $f8b0, x
F8A8: sta $c4
F8AA: lda $f8b1, x
F8AD: sta $c5
F8AF: rts
F70E: pla
F70F: lsr a
F710: lsr a
F711: lsr a
F712: lsr a
F713: jsr $f71d
F71D: and #$0f
F71F: tax
F720: lda $f7a8, x
F723: jsr $f893
F893: ldx #$03

   (loops for 24 instructions)

F8A0: rts
F726: rts
F716: ldx #$04
F718: jsr $f8a5

   (loops for 5 instructions)

F71B: lda $c1

   (loops for 31 instructions)

F643: jmp $f18c
F18C: ldx $88
F18E: ldy $89
F190: rts
F3FB: ldy #$00
F3FD: ldx $bb
F3FF: lda #$07
F401: sta $bc
F403: lda ($b7), y
F405: sta ($b9), y
F407: cmp ($b9), y
F409: bne $f437
F40B: iny
F40C: tya
F40D: clc
F40E: adc $b9
F410: lda #$00
F412: adc $ba
F414: cmp #$dc
F416: beq $f430
F418: dex
F419: bne $f3ff
F3FF: lda #$07
F401: sta $bc
F403: lda ($b7), y
F405: sta ($b9), y
F407: cmp ($b9), y
F409: bne $f437
F40B: iny
F40C: tya
F40D: clc
F40E: adc $b9
F410: lda #$00
F412: adc $ba
F414: cmp #$dc
F416: beq $f430
F418: dex
F419: bne $f3ff

   (loops for 4064 instructions)

F41B: inc $ba
F41D: bit $82
F41F: bvc $f430
F421: dec $ba
F423: lda $b9
F425: clc
F426: adc #$ff
F428: sta $b9
F42A: lda $ba
F42C: adc #$00
F42E: sta $ba
F430: dec $bd
F432: bne $f3f8
F3F8: jsr $f5fc
F5FC: lda #$07
F5FE: sta $40
F600: lda #$40
F602: jsr $f149
F149: sta $85
F14B: clc
F14C: adc #$02
F14E: sta $84
F150: pla
F151: sta $86
F153: pla
F154: sta $87
F156: stx $88
F158: sty $89
F15A: lda #$00
F15C: ldx $85
F15E: sta $01, x
F160: ldx $84
F162: lda $00, x
F164: and #$0f
F166: tay
F167: lda $00, x
F169: and #$70
F16B: lsr a
F16C: lsr a
F16D: lsr a
F16E: tax
F16F: lda $91, x
F171: pha
F172: lda $90, x
F174: pha
F175: lda $0096, y
F178: sta $8b
F17A: rts
F1C1: jsr $f4f3
F4F3: bit $82
F4F5: bmi $f500
F4F7: bit $e502
F4FA: bmi $f50b
F4FC: jsr $f646
F646: lda #$33
F648: jsr $f661
F661: stx $8c
F663: tax
F664: jsr $f4a6
F4A6: lda #$02
F4A8: bit $e501
F4AB: bne $f4a6
F4AD: lda #$01
F4AF: bit $e501
F4B2: bne $f4a3
F4B4: rts
F667: stx $e501
F66A: jsr $f4c5
F4C5: ldx #$00
F4C7: dex
F4C8: bne $f4c7
F4C7: dex
F4C8: bne $f4c7

   (loops for 508 instructions)

F4CA: lda #$02
F4CC: bit $e502
F4CF: bne $f4c5
F4D1: rts
F66D: ldx $8c
F66F: rts
F64B: rts
F4FF: rts
F1C4: jsr $f4d2
F4D2: bit $70
F4D4: bvc $f4dd
F4DD: rts
F1C7: jsr $f4a6
F4A6: lda #$02
F4A8: bit $e501
F4AB: bne $f4a6
F4AD: lda #$01
F4AF: bit $e501
F4B2: bne $f4a3
F4B4: rts
F1CA: lda $8b
F1CC: sta $e501
F1CF: jsr $f4bd
F4BD: lda #$01
F4BF: bit $e502
F4C2: bne $f4bd
F4BD: lda #$01
F4BF: bit $e502
F4C2: bne $f4bd

   (loops for 54 instructions)

F4C4: rts
F1D2: ldy #$00
F1D4: lda #$ff
F1D6: sta $e500
F1D9: jsr $f4b5
F4B5: lda #$02
F4B7: bit $e501
F4BA: bne $f4b5
F4B5: lda #$02
F4B7: bit $e501
F4BA: bne $f4b5

   (loops for 9 instructions)

F4BC: rts
F1DC: lda #$01
F1DE: bit $e501
F1E1: beq $f1ff
F1FF: jsr $f512
F512: lda $e502
F515: and #$04
F517: beq $f51a
F519: rts
F202: jsr $f526
F526: lda $e502
F529: and #$08
F52B: beq $f52e
F52D: rts
F205: lda #$02
F207: bit $e502
F20A: bne $f1dc
F1DC: lda #$01
F1DE: bit $e501
F1E1: beq $f1ff
F1FF: jsr $f512
F512: lda $e502
F515: and #$04
F517: beq $f51a
F519: rts
F202: jsr $f526
F526: lda $e502
F529: and #$08
F52B: beq $f52e
F52D: rts
F205: lda #$02
F207: bit $e502
F20A: bne $f1dc

   (loops for 20307 instructions)

F1E3: lda $e500
F1E6: sta $0300, y
F1E9: bit $82
F1EB: bvc $f1f0
F1ED: sta $02ff, y
F1F0: jsr $f512

   (loops for 4 instructions)

F1F3: iny
F1F4: bne $f1dc

   (loops for 675 instructions)

F1E3: lda $e500
F1E6: sta $0300, y
F1E9: bit $82
F1EB: bvc $f1f0
F1ED: sta $02ff, y
F1F0: jsr $f512

   (loops for 4 instructions)

F1F3: iny
F1F4: bne $f1dc
